../Core/Src/lsm6dsv80x_reg.c:21:16:lsm6dsv80x_read_reg	40	static
../Core/Src/lsm6dsv80x_reg.c:37:16:lsm6dsv80x_write_reg	40	static
../Core/Src/lsm6dsv80x_reg.c:53:13:bytecpy	16	static
../Core/Src/lsm6dsv80x_reg.c:61:9:lsm6dsv80x_from_sflp_to_mg	16	static
../Core/Src/lsm6dsv80x_reg.c:66:9:lsm6dsv80x_from_fs2_to_mg	16	static
../Core/Src/lsm6dsv80x_reg.c:71:9:lsm6dsv80x_from_fs4_to_mg	16	static
../Core/Src/lsm6dsv80x_reg.c:76:9:lsm6dsv80x_from_fs8_to_mg	16	static
../Core/Src/lsm6dsv80x_reg.c:81:9:lsm6dsv80x_from_fs16_to_mg	16	static
../Core/Src/lsm6dsv80x_reg.c:86:9:lsm6dsv80x_from_fs32_to_mg	16	static
../Core/Src/lsm6dsv80x_reg.c:91:9:lsm6dsv80x_from_fs64_to_mg	16	static
../Core/Src/lsm6dsv80x_reg.c:96:9:lsm6dsv80x_from_fs80_to_mg	16	static
../Core/Src/lsm6dsv80x_reg.c:101:9:lsm6dsv80x_from_fs125_to_mdps	16	static
../Core/Src/lsm6dsv80x_reg.c:105:9:lsm6dsv80x_from_fs250_to_mdps	16	static
../Core/Src/lsm6dsv80x_reg.c:110:9:lsm6dsv80x_from_fs500_to_mdps	16	static
../Core/Src/lsm6dsv80x_reg.c:115:9:lsm6dsv80x_from_fs1000_to_mdps	16	static
../Core/Src/lsm6dsv80x_reg.c:120:9:lsm6dsv80x_from_fs2000_to_mdps	16	static
../Core/Src/lsm6dsv80x_reg.c:125:9:lsm6dsv80x_from_fs4000_to_mdps	16	static
../Core/Src/lsm6dsv80x_reg.c:130:9:lsm6dsv80x_from_lsb_to_celsius	16	static
../Core/Src/lsm6dsv80x_reg.c:135:10:lsm6dsv80x_from_lsb_to_nsec	24	static
../Core/Src/lsm6dsv80x_reg.c:140:9:lsm6dsv80x_from_gbias_lsb_to_mdps	16	static
../Core/Src/lsm6dsv80x_reg.c:145:9:lsm6dsv80x_from_gravity_lsb_to_mg	16	static
../Core/Src/lsm6dsv80x_reg.c:151:9:lsm6dsv80x_from_quaternion_lsb_to_float	16	static
../Core/Src/lsm6dsv80x_reg.c:157:10:lsm6dsv80x_from_f16_to_f32	16	static
../Core/Src/lsm6dsv80x_reg.c:163:9:lsm6dsv80x_xl_offset_on_out_set	24	static
../Core/Src/lsm6dsv80x_reg.c:178:9:lsm6dsv80x_xl_offset_on_out_get	24	static
../Core/Src/lsm6dsv80x_reg.c:194:9:lsm6dsv80x_xl_offset_mg_set	56	static
../Core/Src/lsm6dsv80x_reg.c:261:9:lsm6dsv80x_xl_offset_mg_get	40	static
../Core/Src/lsm6dsv80x_reg.c:296:9:lsm6dsv80x_hg_xl_offset_mg_set	56	static
../Core/Src/lsm6dsv80x_reg.c:344:9:lsm6dsv80x_hg_xl_offset_mg_get	40	static
../Core/Src/lsm6dsv80x_reg.c:379:9:lsm6dsv80x_reboot	32	static
../Core/Src/lsm6dsv80x_reg.c:450:9:lsm6dsv80x_sw_por	24	static
../Core/Src/lsm6dsv80x_reg.c:477:9:lsm6dsv80x_sw_reset	32	static
../Core/Src/lsm6dsv80x_reg.c:521:9:lsm6dsv80x_mem_bank_set	24	static
../Core/Src/lsm6dsv80x_reg.c:540:9:lsm6dsv80x_mem_bank_get	24	static
../Core/Src/lsm6dsv80x_reg.c:574:9:lsm6dsv80x_device_id_get	24	static
../Core/Src/lsm6dsv80x_reg.c:583:9:lsm6dsv80x_xl_setup	48	static
../Core/Src/lsm6dsv80x_reg.c:698:9:lsm6dsv80x_gy_setup	48	static
../Core/Src/lsm6dsv80x_reg.c:783:9:lsm6dsv80x_haodr_set	48	static
../Core/Src/lsm6dsv80x_reg.c:870:9:lsm6dsv80x_xl_data_rate_set	32	static
../Core/Src/lsm6dsv80x_reg.c:907:9:lsm6dsv80x_xl_data_rate_get	32	static
../Core/Src/lsm6dsv80x_reg.c:1137:9:lsm6dsv80x_hg_xl_data_rate_set	32	static
../Core/Src/lsm6dsv80x_reg.c:1181:9:lsm6dsv80x_hg_xl_data_rate_get	32	static
../Core/Src/lsm6dsv80x_reg.c:1230:9:lsm6dsv80x_xl_mode_set	24	static
../Core/Src/lsm6dsv80x_reg.c:1247:9:lsm6dsv80x_xl_mode_get	24	static
../Core/Src/lsm6dsv80x_reg.c:1304:9:lsm6dsv80x_gy_data_rate_set	32	static
../Core/Src/lsm6dsv80x_reg.c:1340:9:lsm6dsv80x_gy_data_rate_get	32	static
../Core/Src/lsm6dsv80x_reg.c:1570:9:lsm6dsv80x_gy_mode_set	24	static
../Core/Src/lsm6dsv80x_reg.c:1586:9:lsm6dsv80x_gy_mode_get	24	static
../Core/Src/lsm6dsv80x_reg.c:1628:9:lsm6dsv80x_auto_increment_set	24	static
../Core/Src/lsm6dsv80x_reg.c:1643:9:lsm6dsv80x_auto_increment_get	24	static
../Core/Src/lsm6dsv80x_reg.c:1660:9:lsm6dsv80x_block_data_update_set	24	static
../Core/Src/lsm6dsv80x_reg.c:1676:9:lsm6dsv80x_block_data_update_get	24	static
../Core/Src/lsm6dsv80x_reg.c:1693:9:lsm6dsv80x_odr_trig_cfg_set	24	static
../Core/Src/lsm6dsv80x_reg.c:1715:9:lsm6dsv80x_odr_trig_cfg_get	24	static
../Core/Src/lsm6dsv80x_reg.c:1731:9:lsm6dsv80x_data_ready_mode_set	24	static
../Core/Src/lsm6dsv80x_reg.c:1749:9:lsm6dsv80x_data_ready_mode_get	24	static
../Core/Src/lsm6dsv80x_reg.c:1780:9:lsm6dsv80x_interrupt_enable_set	32	static
../Core/Src/lsm6dsv80x_reg.c:1809:9:lsm6dsv80x_interrupt_enable_get	32	static
../Core/Src/lsm6dsv80x_reg.c:1830:9:lsm6dsv80x_gy_full_scale_set	32	static
../Core/Src/lsm6dsv80x_reg.c:1869:9:lsm6dsv80x_gy_full_scale_get	24	static
../Core/Src/lsm6dsv80x_reg.c:1912:9:lsm6dsv80x_xl_full_scale_set	24	static
../Core/Src/lsm6dsv80x_reg.c:1930:9:lsm6dsv80x_xl_full_scale_get	24	static
../Core/Src/lsm6dsv80x_reg.c:1969:9:lsm6dsv80x_hg_xl_full_scale_set	24	static
../Core/Src/lsm6dsv80x_reg.c:1987:9:lsm6dsv80x_hg_xl_full_scale_get	24	static
../Core/Src/lsm6dsv80x_reg.c:2022:9:lsm6dsv80x_xl_self_test_set	24	static
../Core/Src/lsm6dsv80x_reg.c:2039:9:lsm6dsv80x_xl_self_test_get	24	static
../Core/Src/lsm6dsv80x_reg.c:2073:9:lsm6dsv80x_gy_self_test_set	24	static
../Core/Src/lsm6dsv80x_reg.c:2090:9:lsm6dsv80x_gy_self_test_get	24	static
../Core/Src/lsm6dsv80x_reg.c:2124:9:lsm6dsv80x_hg_xl_self_test_set	24	static
../Core/Src/lsm6dsv80x_reg.c:2141:9:lsm6dsv80x_hg_xl_self_test_get	24	static
../Core/Src/lsm6dsv80x_reg.c:2175:9:lsm6dsv80x_hg_wake_up_cfg_set	32	static
../Core/Src/lsm6dsv80x_reg.c:2199:9:lsm6dsv80x_hg_wake_up_cfg_get	32	static
../Core/Src/lsm6dsv80x_reg.c:2223:9:lsm6dsv80x_hg_wu_interrupt_cfg_set	24	static
../Core/Src/lsm6dsv80x_reg.c:2243:9:lsm6dsv80x_hg_wu_interrupt_cfg_get	24	static
../Core/Src/lsm6dsv80x_reg.c:2262:9:lsm6dsv80x_hg_emb_usr_off_correction_set	24	static
../Core/Src/lsm6dsv80x_reg.c:2279:9:lsm6dsv80x_hg_emb_usr_off_correction_get	24	static
../Core/Src/lsm6dsv80x_reg.c:2296:9:lsm6dsv80x_hg_wu_usr_off_correction_set	24	static
../Core/Src/lsm6dsv80x_reg.c:2313:9:lsm6dsv80x_hg_wu_usr_off_correction_get	24	static
../Core/Src/lsm6dsv80x_reg.c:2330:9:lsm6dsv80x_hg_event_get	32	static
../Core/Src/lsm6dsv80x_reg.c:2366:9:lsm6dsv80x_pin_int1_route_set	32	static
../Core/Src/lsm6dsv80x_reg.c:2412:9:lsm6dsv80x_pin_int1_route_get	32	static
../Core/Src/lsm6dsv80x_reg.c:2450:9:lsm6dsv80x_pin_int2_route_set	32	static
../Core/Src/lsm6dsv80x_reg.c:2510:9:lsm6dsv80x_pin_int2_route_get	32	static
../Core/Src/lsm6dsv80x_reg.c:2558:9:lsm6dsv80x_pin_int1_route_hg_set	32	static
../Core/Src/lsm6dsv80x_reg.c:2601:9:lsm6dsv80x_pin_int1_route_hg_get	32	static
../Core/Src/lsm6dsv80x_reg.c:2637:9:lsm6dsv80x_pin_int2_route_hg_set	32	static
../Core/Src/lsm6dsv80x_reg.c:2676:9:lsm6dsv80x_pin_int2_route_hg_get	32	static
../Core/Src/lsm6dsv80x_reg.c:2712:9:lsm6dsv80x_pin_int1_route_embedded_set	40	static
../Core/Src/lsm6dsv80x_reg.c:2809:9:lsm6dsv80x_pin_int1_route_embedded_get	32	static
../Core/Src/lsm6dsv80x_reg.c:2873:9:lsm6dsv80x_pin_int2_route_embedded_set	40	static
../Core/Src/lsm6dsv80x_reg.c:2970:9:lsm6dsv80x_pin_int2_route_embedded_get	32	static
../Core/Src/lsm6dsv80x_reg.c:3034:9:lsm6dsv80x_all_sources_get	80	static
../Core/Src/lsm6dsv80x_reg.c:3198:9:lsm6dsv80x_flag_data_ready_get	24	static
../Core/Src/lsm6dsv80x_reg.c:3219:9:lsm6dsv80x_int_ack_mask_set	24	static
../Core/Src/lsm6dsv80x_reg.c:3238:9:lsm6dsv80x_int_ack_mask_get	24	static
../Core/Src/lsm6dsv80x_reg.c:3257:9:lsm6dsv80x_temperature_raw_get	24	static
../Core/Src/lsm6dsv80x_reg.c:3275:9:lsm6dsv80x_angular_rate_raw_get	32	static
../Core/Src/lsm6dsv80x_reg.c:3297:9:lsm6dsv80x_acceleration_raw_get	32	static
../Core/Src/lsm6dsv80x_reg.c:3319:9:lsm6dsv80x_hg_acceleration_raw_get	32	static
../Core/Src/lsm6dsv80x_reg.c:3341:9:lsm6dsv80x_sflp_gbias_raw_get	32	static
../Core/Src/lsm6dsv80x_reg.c:3365:9:lsm6dsv80x_sflp_gravity_raw_get	32	static
../Core/Src/lsm6dsv80x_reg.c:3389:9:lsm6dsv80x_sflp_quaternion_raw_get	32	static
../Core/Src/lsm6dsv80x_reg.c:3411:9:lsm6dsv80x_sflp_quaternion_get	32	static
../Core/Src/lsm6dsv80x_reg.c:3431:9:lsm6dsv80x_odr_cal_reg_get	24	static
../Core/Src/lsm6dsv80x_reg.c:3447:9:lsm6dsv80x_disable_embedded_function_set	24	static
../Core/Src/lsm6dsv80x_reg.c:3465:9:lsm6dsv80x_disable_embedded_function_get	24	static
../Core/Src/lsm6dsv80x_reg.c:3482:9:lsm6dsv80x_emb_func_conv_set	24	static
../Core/Src/lsm6dsv80x_reg.c:3511:9:lsm6dsv80x_emb_func_conv_get	24	static
../Core/Src/lsm6dsv80x_reg.c:3539:9:lsm6dsv80x_ln_pg_write	48	static
../Core/Src/lsm6dsv80x_reg.c:3647:9:lsm6dsv80x_ln_pg_read	48	static
../Core/Src/lsm6dsv80x_reg.c:3759:9:lsm6dsv80x_emb_function_dbg_set	24	static
../Core/Src/lsm6dsv80x_reg.c:3776:9:lsm6dsv80x_emb_function_dbg_get	24	static
../Core/Src/lsm6dsv80x_reg.c:3793:9:lsm6dsv80x_den_polarity_set	24	static
../Core/Src/lsm6dsv80x_reg.c:3811:9:lsm6dsv80x_den_polarity_get	24	static
../Core/Src/lsm6dsv80x_reg.c:3842:9:lsm6dsv80x_fifo_watermark_set	24	static
../Core/Src/lsm6dsv80x_reg.c:3859:9:lsm6dsv80x_fifo_watermark_get	24	static
../Core/Src/lsm6dsv80x_reg.c:3875:9:lsm6dsv80x_fifo_compress_algo_set	24	static
../Core/Src/lsm6dsv80x_reg.c:3892:9:lsm6dsv80x_fifo_compress_algo_get	24	static
../Core/Src/lsm6dsv80x_reg.c:3930:9:lsm6dsv80x_fifo_virtual_sens_odr_chg_set	24	static
../Core/Src/lsm6dsv80x_reg.c:3946:9:lsm6dsv80x_fifo_virtual_sens_odr_chg_get	24	static
../Core/Src/lsm6dsv80x_reg.c:3964:9:lsm6dsv80x_fifo_compress_algo_real_time_set	32	static
../Core/Src/lsm6dsv80x_reg.c:4003:9:lsm6dsv80x_fifo_compress_algo_real_time_get	24	static
../Core/Src/lsm6dsv80x_reg.c:4021:9:lsm6dsv80x_fifo_stop_on_wtm_set	24	static
../Core/Src/lsm6dsv80x_reg.c:4037:9:lsm6dsv80x_fifo_stop_on_wtm_get	24	static
../Core/Src/lsm6dsv80x_reg.c:4054:9:lsm6dsv80x_fifo_xl_batch_set	24	static
../Core/Src/lsm6dsv80x_reg.c:4070:9:lsm6dsv80x_fifo_xl_batch_get	24	static
../Core/Src/lsm6dsv80x_reg.c:4145:9:lsm6dsv80x_fifo_gy_batch_set	24	static
../Core/Src/lsm6dsv80x_reg.c:4161:9:lsm6dsv80x_fifo_gy_batch_get	24	static
../Core/Src/lsm6dsv80x_reg.c:4235:9:lsm6dsv80x_fifo_hg_xl_batch_set	24	static
../Core/Src/lsm6dsv80x_reg.c:4251:9:lsm6dsv80x_fifo_hg_xl_batch_get	24	static
../Core/Src/lsm6dsv80x_reg.c:4268:9:lsm6dsv80x_fifo_mode_set	24	static
../Core/Src/lsm6dsv80x_reg.c:4284:9:lsm6dsv80x_fifo_mode_get	24	static
../Core/Src/lsm6dsv80x_reg.c:4333:9:lsm6dsv80x_fifo_temp_batch_set	24	static
../Core/Src/lsm6dsv80x_reg.c:4350:9:lsm6dsv80x_fifo_temp_batch_get	24	static
../Core/Src/lsm6dsv80x_reg.c:4388:9:lsm6dsv80x_fifo_timestamp_batch_set	24	static
../Core/Src/lsm6dsv80x_reg.c:4405:9:lsm6dsv80x_fifo_timestamp_batch_get	24	static
../Core/Src/lsm6dsv80x_reg.c:4444:9:lsm6dsv80x_fifo_batch_counter_threshold_set	32	static
../Core/Src/lsm6dsv80x_reg.c:4466:9:lsm6dsv80x_fifo_batch_counter_threshold_get	24	static
../Core/Src/lsm6dsv80x_reg.c:4484:9:lsm6dsv80x_fifo_batch_cnt_event_set	24	static
../Core/Src/lsm6dsv80x_reg.c:4501:9:lsm6dsv80x_fifo_batch_cnt_event_get	24	static
../Core/Src/lsm6dsv80x_reg.c:4535:9:lsm6dsv80x_fifo_status_get	32	static
../Core/Src/lsm6dsv80x_reg.c:4563:9:lsm6dsv80x_fifo_out_raw_get	32	static
../Core/Src/lsm6dsv80x_reg.c:4714:9:lsm6dsv80x_fifo_stpcnt_batch_set	24	static
../Core/Src/lsm6dsv80x_reg.c:4740:9:lsm6dsv80x_fifo_stpcnt_batch_get	24	static
../Core/Src/lsm6dsv80x_reg.c:4765:9:lsm6dsv80x_fifo_fsm_batch_set	24	static
../Core/Src/lsm6dsv80x_reg.c:4791:9:lsm6dsv80x_fifo_fsm_batch_get	24	static
../Core/Src/lsm6dsv80x_reg.c:4816:9:lsm6dsv80x_fifo_mlc_batch_set	24	static
../Core/Src/lsm6dsv80x_reg.c:4842:9:lsm6dsv80x_fifo_mlc_batch_get	24	static
../Core/Src/lsm6dsv80x_reg.c:4867:9:lsm6dsv80x_fifo_mlc_filt_batch_set	24	static
../Core/Src/lsm6dsv80x_reg.c:4893:9:lsm6dsv80x_fifo_mlc_filt_batch_get	24	static
../Core/Src/lsm6dsv80x_reg.c:4918:9:lsm6dsv80x_fifo_sh_batch_target_set	24	static
../Core/Src/lsm6dsv80x_reg.c:4949:9:lsm6dsv80x_fifo_sh_batch_target_get	32	static
../Core/Src/lsm6dsv80x_reg.c:4979:9:lsm6dsv80x_fifo_sflp_batch_set	24	static
../Core/Src/lsm6dsv80x_reg.c:5009:9:lsm6dsv80x_fifo_sflp_batch_get	24	static
../Core/Src/lsm6dsv80x_reg.c:5037:9:lsm6dsv80x_filt_anti_spike_set	24	static
../Core/Src/lsm6dsv80x_reg.c:5055:9:lsm6dsv80x_filt_anti_spike_get	24	static
../Core/Src/lsm6dsv80x_reg.c:5086:9:lsm6dsv80x_filt_settling_mask_set	32	static
../Core/Src/lsm6dsv80x_reg.c:5123:9:lsm6dsv80x_filt_settling_mask_get	32	static
../Core/Src/lsm6dsv80x_reg.c:5145:9:lsm6dsv80x_filt_gy_lp1_bandwidth_set	24	static
../Core/Src/lsm6dsv80x_reg.c:5162:9:lsm6dsv80x_filt_gy_lp1_bandwidth_get	24	static
../Core/Src/lsm6dsv80x_reg.c:5217:9:lsm6dsv80x_filt_gy_lp1_set	24	static
../Core/Src/lsm6dsv80x_reg.c:5234:9:lsm6dsv80x_filt_gy_lp1_get	24	static
../Core/Src/lsm6dsv80x_reg.c:5250:9:lsm6dsv80x_filt_xl_setup	32	static
../Core/Src/lsm6dsv80x_reg.c:5312:9:lsm6dsv80x_filt_xl_lp2_bandwidth_set	24	static
../Core/Src/lsm6dsv80x_reg.c:5329:9:lsm6dsv80x_filt_xl_lp2_bandwidth_get	24	static
../Core/Src/lsm6dsv80x_reg.c:5384:9:lsm6dsv80x_filt_xl_lp2_set	24	static
../Core/Src/lsm6dsv80x_reg.c:5400:9:lsm6dsv80x_filt_xl_lp2_get	24	static
../Core/Src/lsm6dsv80x_reg.c:5416:9:lsm6dsv80x_filt_xl_hp_set	24	static
../Core/Src/lsm6dsv80x_reg.c:5432:9:lsm6dsv80x_filt_xl_hp_get	24	static
../Core/Src/lsm6dsv80x_reg.c:5448:9:lsm6dsv80x_filt_xl_fast_settling_set	24	static
../Core/Src/lsm6dsv80x_reg.c:5464:9:lsm6dsv80x_filt_xl_fast_settling_get	24	static
../Core/Src/lsm6dsv80x_reg.c:5480:9:lsm6dsv80x_filt_xl_hp_mode_set	24	static
../Core/Src/lsm6dsv80x_reg.c:5498:9:lsm6dsv80x_filt_xl_hp_mode_get	24	static
../Core/Src/lsm6dsv80x_reg.c:5534:9:lsm6dsv80x_filt_wkup_act_feed_set	32	static
../Core/Src/lsm6dsv80x_reg.c:5562:9:lsm6dsv80x_filt_wkup_act_feed_get	32	static
../Core/Src/lsm6dsv80x_reg.c:5599:9:lsm6dsv80x_mask_trigger_xl_settl_set	24	static
../Core/Src/lsm6dsv80x_reg.c:5616:9:lsm6dsv80x_mask_trigger_xl_settl_get	24	static
../Core/Src/lsm6dsv80x_reg.c:5633:9:lsm6dsv80x_filt_sixd_feed_set	24	static
../Core/Src/lsm6dsv80x_reg.c:5651:9:lsm6dsv80x_filt_sixd_feed_get	24	static
../Core/Src/lsm6dsv80x_reg.c:5682:9:lsm6dsv80x_fsm_permission_set	24	static
../Core/Src/lsm6dsv80x_reg.c:5700:9:lsm6dsv80x_fsm_permission_get	24	static
../Core/Src/lsm6dsv80x_reg.c:5731:9:lsm6dsv80x_fsm_permission_status	24	static
../Core/Src/lsm6dsv80x_reg.c:5748:9:lsm6dsv80x_fsm_mode_set	32	static
../Core/Src/lsm6dsv80x_reg.c:5796:9:lsm6dsv80x_fsm_mode_get	24	static
../Core/Src/lsm6dsv80x_reg.c:5829:9:lsm6dsv80x_fsm_long_cnt_set	24	static
../Core/Src/lsm6dsv80x_reg.c:5852:9:lsm6dsv80x_fsm_long_cnt_get	24	static
../Core/Src/lsm6dsv80x_reg.c:5879:9:lsm6dsv80x_fsm_out_get	24	static
../Core/Src/lsm6dsv80x_reg.c:5898:9:lsm6dsv80x_fsm_data_rate_set	24	static
../Core/Src/lsm6dsv80x_reg.c:5925:9:lsm6dsv80x_fsm_data_rate_get	24	static
../Core/Src/lsm6dsv80x_reg.c:6011:17:npy_floatbits_to_halfbits	40	static
../Core/Src/lsm6dsv80x_reg.c:6149:17:npy_float_to_half	24	static
../Core/Src/lsm6dsv80x_reg.c:6157:17:npy_halfbits_to_floatbits	40	static
../Core/Src/lsm6dsv80x_reg.c:6199:16:npy_half_to_float	24	static
../Core/Src/lsm6dsv80x_reg.c:6209:9:lsm6dsv80x_sflp_game_gbias_set	32	static
../Core/Src/lsm6dsv80x_reg.c:6267:9:lsm6dsv80x_fsm_ext_sens_sensitivity_set	24	static
../Core/Src/lsm6dsv80x_reg.c:6279:9:lsm6dsv80x_fsm_ext_sens_sensitivity_get	24	static
../Core/Src/lsm6dsv80x_reg.c:6298:9:lsm6dsv80x_fsm_ext_sens_offset_set	40	static
../Core/Src/lsm6dsv80x_reg.c:6316:9:lsm6dsv80x_fsm_ext_sens_offset_get	32	static
../Core/Src/lsm6dsv80x_reg.c:6338:9:lsm6dsv80x_fsm_ext_sens_matrix_set	40	static
../Core/Src/lsm6dsv80x_reg.c:6362:9:lsm6dsv80x_fsm_ext_sens_matrix_get	32	static
../Core/Src/lsm6dsv80x_reg.c:6391:9:lsm6dsv80x_fsm_ext_sens_z_orient_set	24	static
../Core/Src/lsm6dsv80x_reg.c:6409:9:lsm6dsv80x_fsm_ext_sens_z_orient_get	24	static
../Core/Src/lsm6dsv80x_reg.c:6456:9:lsm6dsv80x_fsm_ext_sens_y_orient_set	24	static
../Core/Src/lsm6dsv80x_reg.c:6473:9:lsm6dsv80x_fsm_ext_sens_y_orient_get	24	static
../Core/Src/lsm6dsv80x_reg.c:6520:9:lsm6dsv80x_fsm_ext_sens_x_orient_set	24	static
../Core/Src/lsm6dsv80x_reg.c:6537:9:lsm6dsv80x_fsm_ext_sens_x_orient_get	24	static
../Core/Src/lsm6dsv80x_reg.c:6584:9:lsm6dsv80x_xl_hg_peak_tracking_set	24	static
../Core/Src/lsm6dsv80x_reg.c:6610:9:lsm6dsv80x_xl_hg_peak_tracking_get	24	static
../Core/Src/lsm6dsv80x_reg.c:6635:9:lsm6dsv80x_xl_hg_sensitivity_set	24	static
../Core/Src/lsm6dsv80x_reg.c:6649:9:lsm6dsv80x_xl_hg_sensitivity_get	24	static
../Core/Src/lsm6dsv80x_reg.c:6668:9:lsm6dsv80x_fsm_long_cnt_timeout_set	24	static
../Core/Src/lsm6dsv80x_reg.c:6681:9:lsm6dsv80x_fsm_long_cnt_timeout_get	24	static
../Core/Src/lsm6dsv80x_reg.c:6700:9:lsm6dsv80x_fsm_number_of_programs_set	24	static
../Core/Src/lsm6dsv80x_reg.c:6718:9:lsm6dsv80x_fsm_number_of_programs_get	24	static
../Core/Src/lsm6dsv80x_reg.c:6734:9:lsm6dsv80x_fsm_start_address_set	24	static
../Core/Src/lsm6dsv80x_reg.c:6748:9:lsm6dsv80x_fsm_start_address_get	24	static
../Core/Src/lsm6dsv80x_reg.c:6766:9:lsm6dsv80x_ff_time_windows_set	32	static
../Core/Src/lsm6dsv80x_reg.c:6796:9:lsm6dsv80x_ff_time_windows_get	32	static
../Core/Src/lsm6dsv80x_reg.c:6815:9:lsm6dsv80x_ff_thresholds_set	24	static
../Core/Src/lsm6dsv80x_reg.c:6832:9:lsm6dsv80x_ff_thresholds_get	24	static
../Core/Src/lsm6dsv80x_reg.c:6887:9:lsm6dsv80x_mlc_set	32	static
../Core/Src/lsm6dsv80x_reg.c:6933:9:lsm6dsv80x_mlc_get	32	static
../Core/Src/lsm6dsv80x_reg.c:6975:9:lsm6dsv80x_mlc_data_rate_set	24	static
../Core/Src/lsm6dsv80x_reg.c:7002:9:lsm6dsv80x_mlc_data_rate_get	24	static
../Core/Src/lsm6dsv80x_reg.c:7055:9:lsm6dsv80x_mlc_out_get	24	static
../Core/Src/lsm6dsv80x_reg.c:7070:9:lsm6dsv80x_mlc_ext_sens_sensitivity_set	24	static
../Core/Src/lsm6dsv80x_reg.c:7084:9:lsm6dsv80x_mlc_ext_sens_sensitivity_get	24	static
../Core/Src/lsm6dsv80x_reg.c:7104:9:lsm6dsv80x_6d_threshold_set	24	static
../Core/Src/lsm6dsv80x_reg.c:7121:9:lsm6dsv80x_6d_threshold_get	24	static
../Core/Src/lsm6dsv80x_reg.c:7160:9:lsm6dsv80x_4d_mode_set	24	static
../Core/Src/lsm6dsv80x_reg.c:7176:9:lsm6dsv80x_4d_mode_get	24	static
../Core/Src/lsm6dsv80x_reg.c:7193:9:lsm6dsv80x_i3c_config_set	32	static
../Core/Src/lsm6dsv80x_reg.c:7215:9:lsm6dsv80x_i3c_config_get	32	static
../Core/Src/lsm6dsv80x_reg.c:7276:9:lsm6dsv80x_sh_controller_interface_pull_up_set	24	static
../Core/Src/lsm6dsv80x_reg.c:7293:9:lsm6dsv80x_sh_controller_interface_pull_up_get	24	static
../Core/Src/lsm6dsv80x_reg.c:7311:9:lsm6dsv80x_sh_read_data_raw_get	32	static
../Core/Src/lsm6dsv80x_reg.c:7329:9:lsm6dsv80x_sh_target_connected_set	24	static
../Core/Src/lsm6dsv80x_reg.c:7356:9:lsm6dsv80x_sh_target_connected_get	24	static
../Core/Src/lsm6dsv80x_reg.c:7397:9:lsm6dsv80x_sh_controller_set	24	static
../Core/Src/lsm6dsv80x_reg.c:7419:9:lsm6dsv80x_sh_controller_get	24	static
../Core/Src/lsm6dsv80x_reg.c:7444:9:lsm6dsv80x_sh_pass_through_set	24	static
../Core/Src/lsm6dsv80x_reg.c:7466:9:lsm6dsv80x_sh_pass_through_get	24	static
../Core/Src/lsm6dsv80x_reg.c:7488:9:lsm6dsv80x_sh_syncro_mode_set	24	static
../Core/Src/lsm6dsv80x_reg.c:7512:9:lsm6dsv80x_sh_syncro_mode_get	24	static
../Core/Src/lsm6dsv80x_reg.c:7545:9:lsm6dsv80x_sh_write_mode_set	24	static
../Core/Src/lsm6dsv80x_reg.c:7568:9:lsm6dsv80x_sh_write_mode_get	24	static
../Core/Src/lsm6dsv80x_reg.c:7601:9:lsm6dsv80x_sh_reset_set	24	static
../Core/Src/lsm6dsv80x_reg.c:7623:9:lsm6dsv80x_sh_reset_get	24	static
../Core/Src/lsm6dsv80x_reg.c:7644:9:lsm6dsv80x_sh_cfg_write	24	static
../Core/Src/lsm6dsv80x_reg.c:7681:9:lsm6dsv80x_sh_data_rate_set	24	static
../Core/Src/lsm6dsv80x_reg.c:7704:9:lsm6dsv80x_sh_data_rate_get	24	static
../Core/Src/lsm6dsv80x_reg.c:7756:9:lsm6dsv80x_sh_tgt_cfg_read	40	static
../Core/Src/lsm6dsv80x_reg.c:7808:9:lsm6dsv80x_sh_status_get	24	static
../Core/Src/lsm6dsv80x_reg.c:7819:9:lsm6dsv80x_ui_sdo_pull_up_set	24	static
../Core/Src/lsm6dsv80x_reg.c:7835:9:lsm6dsv80x_ui_sdo_pull_up_get	24	static
../Core/Src/lsm6dsv80x_reg.c:7851:9:lsm6dsv80x_pad_strength_set	24	static
../Core/Src/lsm6dsv80x_reg.c:7867:9:lsm6dsv80x_pad_strength_get	24	static
../Core/Src/lsm6dsv80x_reg.c:7898:9:lsm6dsv80x_ui_i2c_i3c_mode_set	24	static
../Core/Src/lsm6dsv80x_reg.c:7915:9:lsm6dsv80x_ui_i2c_i3c_mode_get	24	static
../Core/Src/lsm6dsv80x_reg.c:7946:9:lsm6dsv80x_spi_mode_set	24	static
../Core/Src/lsm6dsv80x_reg.c:7962:9:lsm6dsv80x_spi_mode_get	24	static
../Core/Src/lsm6dsv80x_reg.c:7992:9:lsm6dsv80x_ui_sda_pull_up_set	24	static
../Core/Src/lsm6dsv80x_reg.c:8008:9:lsm6dsv80x_ui_sda_pull_up_get	24	static
../Core/Src/lsm6dsv80x_reg.c:8025:9:lsm6dsv80x_sigmot_mode_set	24	static
../Core/Src/lsm6dsv80x_reg.c:8051:9:lsm6dsv80x_sigmot_mode_get	24	static
../Core/Src/lsm6dsv80x_reg.c:8076:9:lsm6dsv80x_stpcnt_mode_set	32	static
../Core/Src/lsm6dsv80x_reg.c:8127:9:lsm6dsv80x_stpcnt_mode_get	32	static
../Core/Src/lsm6dsv80x_reg.c:8156:9:lsm6dsv80x_stpcnt_steps_get	24	static
../Core/Src/lsm6dsv80x_reg.c:8176:9:lsm6dsv80x_stpcnt_rst_step_set	24	static
../Core/Src/lsm6dsv80x_reg.c:8203:9:lsm6dsv80x_stpcnt_rst_step_get	24	static
../Core/Src/lsm6dsv80x_reg.c:8228:9:lsm6dsv80x_stpcnt_debounce_set	24	static
../Core/Src/lsm6dsv80x_reg.c:8246:9:lsm6dsv80x_stpcnt_debounce_get	24	static
../Core/Src/lsm6dsv80x_reg.c:8263:9:lsm6dsv80x_stpcnt_period_set	24	static
../Core/Src/lsm6dsv80x_reg.c:8277:9:lsm6dsv80x_stpcnt_period_get	24	static
../Core/Src/lsm6dsv80x_reg.c:8296:9:lsm6dsv80x_sflp_game_rotation_set	24	static
../Core/Src/lsm6dsv80x_reg.c:8324:9:lsm6dsv80x_sflp_game_rotation_get	24	static
../Core/Src/lsm6dsv80x_reg.c:8349:9:lsm6dsv80x_sflp_game_rotation_reset	24	static
../Core/Src/lsm6dsv80x_reg.c:8375:9:lsm6dsv80x_sflp_data_rate_set	24	static
../Core/Src/lsm6dsv80x_reg.c:8403:9:lsm6dsv80x_sflp_data_rate_get	24	static
../Core/Src/lsm6dsv80x_reg.c:8452:9:lsm6dsv80x_tap_detection_set	24	static
../Core/Src/lsm6dsv80x_reg.c:8471:9:lsm6dsv80x_tap_detection_get	24	static
../Core/Src/lsm6dsv80x_reg.c:8491:9:lsm6dsv80x_tap_thresholds_set	32	static
../Core/Src/lsm6dsv80x_reg.c:8519:9:lsm6dsv80x_tap_thresholds_get	32	static
../Core/Src/lsm6dsv80x_reg.c:8543:9:lsm6dsv80x_tap_axis_priority_set	24	static
../Core/Src/lsm6dsv80x_reg.c:8560:9:lsm6dsv80x_tap_axis_priority_get	24	static
../Core/Src/lsm6dsv80x_reg.c:8607:9:lsm6dsv80x_tap_time_windows_set	24	static
../Core/Src/lsm6dsv80x_reg.c:8625:9:lsm6dsv80x_tap_time_windows_get	24	static
../Core/Src/lsm6dsv80x_reg.c:8645:9:lsm6dsv80x_tap_mode_set	24	static
../Core/Src/lsm6dsv80x_reg.c:8661:9:lsm6dsv80x_tap_mode_get	24	static
../Core/Src/lsm6dsv80x_reg.c:8691:9:lsm6dsv80x_tilt_mode_set	24	static
../Core/Src/lsm6dsv80x_reg.c:8712:9:lsm6dsv80x_tilt_mode_get	24	static
../Core/Src/lsm6dsv80x_reg.c:8732:9:lsm6dsv80x_timestamp_raw_get	24	static
../Core/Src/lsm6dsv80x_reg.c:8752:9:lsm6dsv80x_timestamp_set	24	static
../Core/Src/lsm6dsv80x_reg.c:8768:9:lsm6dsv80x_timestamp_get	24	static
../Core/Src/lsm6dsv80x_reg.c:8785:9:lsm6dsv80x_act_mode_set	24	static
../Core/Src/lsm6dsv80x_reg.c:8801:9:lsm6dsv80x_act_mode_get	24	static
../Core/Src/lsm6dsv80x_reg.c:8839:9:lsm6dsv80x_act_from_sleep_to_act_dur_set	24	static
../Core/Src/lsm6dsv80x_reg.c:8856:9:lsm6dsv80x_act_from_sleep_to_act_dur_get	24	static
../Core/Src/lsm6dsv80x_reg.c:8895:9:lsm6dsv80x_act_sleep_xl_odr_set	24	static
../Core/Src/lsm6dsv80x_reg.c:8912:9:lsm6dsv80x_act_sleep_xl_odr_get	24	static
../Core/Src/lsm6dsv80x_reg.c:8951:9:lsm6dsv80x_act_thresholds_set	40	static
../Core/Src/lsm6dsv80x_reg.c:8986:9:lsm6dsv80x_act_thresholds_get	40	static
../Core/Src/lsm6dsv80x_reg.c:9016:9:lsm6dsv80x_act_wkup_time_windows_set	24	static
../Core/Src/lsm6dsv80x_reg.c:9041:9:lsm6dsv80x_act_wkup_time_windows_get	24	static
