../Core/Inc/rgb_led.h:18:6:rgb_led_set	19
../Core/Inc/rgb_led.h:39:6:rgb_led_init	1
../Core/Inc/buzzer.h:16:6:buzzer_set	8
../Core/Inc/buzzer.h:31:6:buzzer_init	1
../Core/Src/main.c:128:5:main	3
../Core/Src/main.c:263:6:SystemClock_Config	4
../Core/Src/main.c:319:6:PeriphCommonClock_Config	2
../Core/Src/main.c:365:13:MX_ADC1_Init	3
../Core/Src/main.c:424:13:MX_I2C1_Init	4
../Core/Src/main.c:472:13:MX_OCTOSPI1_Init	2
../Core/Src/main.c:513:13:MX_SPI2_Init	2
../Core/Src/main.c:561:13:MX_SPI3_Init	2
../Core/Src/main.c:609:13:MX_SPI4_Init	2
../Core/Src/main.c:657:13:MX_TIM1_Init	9
../Core/Src/main.c:747:13:MX_TIM2_Init	8
../Core/Src/main.c:814:13:MX_TIM3_Init	6
../Core/Src/main.c:873:13:MX_UART4_Init	5
../Core/Src/main.c:921:13:MX_UART5_Init	5
../Core/Src/main.c:969:13:MX_USB_PCD_Init	2
../Core/Src/main.c:1005:13:MX_GPIO_Init	1
../Core/Src/main.c:1142:1:__io_putchar	1
../Core/Src/main.c:1152:6:HAL_GPIO_EXTI_Callback	2
../Core/Src/main.c:1164:6:HAL_SPI_TxRxCpltCallback	4
../Core/Src/main.c:1175:6:HAL_TIM_PeriodElapsedCallback	2
../Core/Src/main.c:1186:6:Error_Handler	1
