../Core/Inc/rgb_led.h:18:6:rgb_led_set	32	static
../Core/Inc/rgb_led.h:39:6:rgb_led_init	16	static
../Core/Inc/buzzer.h:16:6:buzzer_set	24	static
../Core/Inc/buzzer.h:31:6:buzzer_init	16	static
../Core/Src/main.c:132:5:main	8	static
../Core/Src/main.c:267:6:SystemClock_Config	120	static
../Core/Src/main.c:323:6:PeriphCommonClock_Config	216	static
../Core/Src/main.c:369:13:MX_ADC1_Init	40	static
../Core/Src/main.c:428:13:MX_I2C1_Init	8	static
../Core/Src/main.c:476:13:MX_OCTOSPI1_Init	8	static
../Core/Src/main.c:517:13:MX_SPI2_Init	8	static
../Core/Src/main.c:565:13:MX_SPI3_Init	8	static
../Core/Src/main.c:613:13:MX_SPI4_Init	8	static
../Core/Src/main.c:661:13:MX_TIM1_Init	120	static
../Core/Src/main.c:751:13:MX_TIM2_Init	64	static
../Core/Src/main.c:818:13:MX_TIM3_Init	64	static
../Core/Src/main.c:877:13:MX_UART4_Init	8	static
../Core/Src/main.c:925:13:MX_UART5_Init	8	static
../Core/Src/main.c:973:13:MX_USB_PCD_Init	8	static
../Core/Src/main.c:1009:13:MX_GPIO_Init	56	static
../Core/Src/main.c:1146:1:__io_putchar	16	static
../Core/Src/main.c:1156:6:HAL_GPIO_EXTI_Callback	16	static
../Core/Src/main.c:1168:6:HAL_SPI_TxRxCpltCallback	16	static
../Core/Src/main.c:1179:6:HAL_TIM_PeriodElapsedCallback	16	static
../Core/Src/main.c:1190:6:Error_Handler	4	static,ignoring_inline_asm
