../Core/Inc/rgb_led.h:18:6:rgb_led_set	32	static
../Core/Inc/rgb_led.h:39:6:rgb_led_init	16	static
../Core/Inc/buzzer.h:16:6:buzzer_set	24	static
../Core/Inc/buzzer.h:31:6:buzzer_init	16	static
../Core/Src/main.c:135:5:main	16	static
../Core/Src/main.c:274:6:SystemClock_Config	120	static
../Core/Src/main.c:330:6:PeriphCommonClock_Config	216	static
../Core/Src/main.c:376:13:MX_ADC1_Init	40	static
../Core/Src/main.c:435:13:MX_I2C1_Init	8	static
../Core/Src/main.c:483:13:MX_OCTOSPI1_Init	8	static
../Core/Src/main.c:524:13:MX_SPI2_Init	8	static
../Core/Src/main.c:572:13:MX_SPI3_Init	8	static
../Core/Src/main.c:620:13:MX_SPI4_Init	8	static
../Core/Src/main.c:668:13:MX_TIM1_Init	120	static
../Core/Src/main.c:758:13:MX_TIM2_Init	64	static
../Core/Src/main.c:825:13:MX_TIM3_Init	64	static
../Core/Src/main.c:884:13:MX_TIM6_Init	24	static
../Core/Src/main.c:922:13:MX_UART4_Init	8	static
../Core/Src/main.c:970:13:MX_UART5_Init	8	static
../Core/Src/main.c:1018:13:MX_USB_PCD_Init	8	static
../Core/Src/main.c:1054:13:MX_GPIO_Init	56	static
../Core/Src/main.c:1215:1:__io_putchar	16	static
../Core/Src/main.c:1225:6:HAL_GPIO_EXTI_Callback	16	static
../Core/Src/main.c:1243:6:HAL_SPI_TxRxCpltCallback	16	static
../Core/Src/main.c:1254:6:HAL_TIM_PeriodElapsedCallback	16	static
../Core/Src/main.c:1265:6:Error_Handler	4	static,ignoring_inline_asm
