../Core/Inc/rgb_led.h:18:6:rgb_led_set	19
../Core/Inc/rgb_led.h:39:6:rgb_led_init	1
../Core/Inc/buzzer.h:16:6:buzzer_set	8
../Core/Inc/buzzer.h:31:6:buzzer_init	1
../Core/Src/main.c:134:5:main	2
../Core/Src/main.c:271:6:SystemClock_Config	4
../Core/Src/main.c:327:6:PeriphCommonClock_Config	2
../Core/Src/main.c:373:13:MX_ADC1_Init	3
../Core/Src/main.c:432:13:MX_I2C1_Init	4
../Core/Src/main.c:480:13:MX_OCTOSPI1_Init	2
../Core/Src/main.c:521:13:MX_SPI2_Init	2
../Core/Src/main.c:569:13:MX_SPI3_Init	2
../Core/Src/main.c:617:13:MX_SPI4_Init	2
../Core/Src/main.c:665:13:MX_TIM1_Init	9
../Core/Src/main.c:755:13:MX_TIM2_Init	8
../Core/Src/main.c:822:13:MX_TIM3_Init	6
../Core/Src/main.c:881:13:MX_TIM6_Init	3
../Core/Src/main.c:919:13:MX_UART4_Init	5
../Core/Src/main.c:967:13:MX_UART5_Init	5
../Core/Src/main.c:1015:13:MX_USB_PCD_Init	2
../Core/Src/main.c:1051:13:MX_GPIO_Init	1
../Core/Src/main.c:1195:1:__io_putchar	1
../Core/Src/main.c:1205:6:HAL_GPIO_EXTI_Callback	2
../Core/Src/main.c:1217:6:HAL_SPI_TxRxCpltCallback	4
../Core/Src/main.c:1228:6:HAL_TIM_PeriodElapsedCallback	2
../Core/Src/main.c:1239:6:Error_Handler	1
