../Core/Src/sensors.c:52:6:get_accel_ms2	16	static
../Core/Src/sensors.c:58:6:get_omega_rads	16	static
../Core/Src/sensors.c:64:6:get_mag_mgauss	16	static
../Core/Src/sensors.c:70:6:get_pres_hpa	16	static
../Core/Src/sensors.c:87:9:platform_write_baro	32	static
../Core/Src/sensors.c:99:9:platform_write_imu	32	static
../Core/Src/sensors.c:111:9:platform_write_mag	32	static
../Core/Src/sensors.c:123:9:platform_read_baro	32	static
../Core/Src/sensors.c:136:9:platform_read_imu	32	static
../Core/Src/sensors.c:150:9:platform_read_mag	32	static
../Core/Src/sensors.c:162:6:platform_delay	16	static
../Core/Src/sensors.c:170:6:baro_int_drdy_handler	8	static
../Core/Src/sensors.c:179:6:imu_int_drdy_handler	8	static
../Core/Src/sensors.c:186:6:mag_int_drdy_handler	8	static
../Core/Src/sensors.c:194:6:baro_spi_callback	8	static
../Core/Src/sensors.c:201:6:imu_spi_callback	8	static
../Core/Src/sensors.c:223:6:mag_spi_callback	4	static
../Core/Src/sensors.c:227:6:sensors_init	8	static
../Core/Src/sensors.c:236:6:baro_init	16	static
../Core/Src/sensors.c:283:6:imu_init	24	static
../Core/Src/sensors.c:338:6:mag_init	16	static
