../Core/Src/sensors.c:60:6:get_accel_ms2	16	static
../Core/Src/sensors.c:66:6:get_omega_rads	16	static
../Core/Src/sensors.c:72:6:get_mag_mgauss	16	static
../Core/Src/sensors.c:78:6:get_pres_hpa	16	static
../Core/Src/sensors.c:83:9:platform_write_baro	32	static
../Core/Src/sensors.c:94:9:platform_write_imu	32	static
../Core/Src/sensors.c:107:9:platform_read_baro	32	static
../Core/Src/sensors.c:120:9:platform_read_imu	32	static
../Core/Src/sensors.c:133:9:platform_read_mag	32	static
../Core/Src/sensors.c:145:9:platform_write_mag	32	static
../Core/Src/sensors.c:155:6:platform_delay	16	static
../Core/Src/sensors.c:163:6:baro_int_drdy_handler	8	static
../Core/Src/sensors.c:172:6:imu_int_drdy_handler	8	static
../Core/Src/sensors.c:179:6:mag_int_drdy_handler	8	static
../Core/Src/sensors.c:189:6:baro_spi_callback	8	static
../Core/Src/sensors.c:196:6:imu_spi_callback	8	static
../Core/Src/sensors.c:218:6:mag_spi_callback	8	static
../Core/Src/sensors.c:229:6:sensors_init	8	static
../Core/Src/sensors.c:237:6:baro_init	16	static
../Core/Src/sensors.c:284:6:imu_init	24	static
../Core/Src/sensors.c:339:6:mag_init	16	static
