../Core/Src/sensors.c:52:6:get_accel_ms2	16	static
../Core/Src/sensors.c:58:6:get_omega_rads	16	static
../Core/Src/sensors.c:64:6:get_mag_mgauss	16	static
../Core/Src/sensors.c:70:6:get_pres_hpa	16	static
../Core/Src/sensors.c:87:9:platform_write_baro	32	static
../Core/Src/sensors.c:98:9:platform_write_imu	32	static
../Core/Src/sensors.c:109:9:platform_write_mag	32	static
../Core/Src/sensors.c:121:9:platform_read_baro	32	static
../Core/Src/sensors.c:134:9:platform_read_imu	32	static
../Core/Src/sensors.c:147:9:platform_read_mag	32	static
../Core/Src/sensors.c:159:6:platform_delay	16	static
../Core/Src/sensors.c:167:6:baro_int_drdy_handler	8	static
../Core/Src/sensors.c:176:6:imu_int_drdy_handler	8	static
../Core/Src/sensors.c:183:6:mag_int_drdy_handler	8	static
../Core/Src/sensors.c:191:6:baro_spi_callback	8	static
../Core/Src/sensors.c:198:6:imu_spi_callback	8	static
../Core/Src/sensors.c:220:6:mag_spi_callback	4	static
../Core/Src/sensors.c:224:6:sensors_init	8	static
../Core/Src/sensors.c:232:6:baro_init	16	static
../Core/Src/sensors.c:279:6:imu_init	24	static
../Core/Src/sensors.c:334:6:mag_init	16	static
