../Core/Src/sensors.c:62:6:get_accel_ms2	16	static
../Core/Src/sensors.c:69:6:get_omega_rads	16	static
../Core/Src/sensors.c:76:6:get_mag_mgauss	16	static
../Core/Src/sensors.c:82:6:get_pres_hpa	16	static
../Core/Src/sensors.c:88:9:platform_write_baro	32	static
../Core/Src/sensors.c:99:9:platform_write_imu	32	static
../Core/Src/sensors.c:112:9:platform_read_baro	32	static
../Core/Src/sensors.c:125:9:platform_read_imu	32	static
../Core/Src/sensors.c:138:9:platform_read_mag	32	static
../Core/Src/sensors.c:150:9:platform_write_mag	32	static
../Core/Src/sensors.c:160:6:platform_delay	16	static
../Core/Src/sensors.c:168:6:baro_int_drdy_handler	8	static
../Core/Src/sensors.c:178:6:imu_int_drdy_handler	8	static
../Core/Src/sensors.c:185:6:mag_int_drdy_handler	8	static
../Core/Src/sensors.c:195:6:baro_spi_callback	8	static
../Core/Src/sensors.c:202:6:imu_spi_callback	8	static
../Core/Src/sensors.c:224:6:mag_spi_callback	8	static
../Core/Src/sensors.c:235:6:sensors_init	8	static
../Core/Src/sensors.c:243:6:baro_init	16	static
../Core/Src/sensors.c:290:6:imu_init	24	static
../Core/Src/sensors.c:345:6:mag_init	16	static
