../Core/Src/sensors.c:62:6:get_accel_ms2	16	static
../Core/Src/sensors.c:69:6:get_omega_rads	16	static
../Core/Src/sensors.c:76:6:get_mag_mgauss	16	static
../Core/Src/sensors.c:82:6:get_pres_hpa	16	static
../Core/Src/sensors.c:100:9:platform_write_baro	32	static
../Core/Src/sensors.c:111:9:platform_write_imu	32	static
../Core/Src/sensors.c:124:9:platform_read_baro	32	static
../Core/Src/sensors.c:137:9:platform_read_imu	32	static
../Core/Src/sensors.c:150:9:platform_read_mag	32	static
../Core/Src/sensors.c:162:9:platform_write_mag	32	static
../Core/Src/sensors.c:172:6:platform_delay	16	static
../Core/Src/sensors.c:180:6:baro_int_drdy_handler	8	static
../Core/Src/sensors.c:190:6:imu_int_drdy_handler	8	static
../Core/Src/sensors.c:197:6:mag_int_drdy_handler	8	static
../Core/Src/sensors.c:207:6:baro_spi_callback	8	static
../Core/Src/sensors.c:214:6:imu_spi_callback	8	static
../Core/Src/sensors.c:236:6:mag_spi_callback	8	static
../Core/Src/sensors.c:247:6:sensors_init	8	static
../Core/Src/sensors.c:255:6:baro_init	24	static
../Core/Src/sensors.c:310:6:imu_init	24	static
../Core/Src/sensors.c:365:6:mag_init	16	static
