../Core/Src/sensors.c:50:6:get_accel_ms2	16	static
../Core/Src/sensors.c:56:6:get_omega_rads	16	static
../Core/Src/sensors.c:62:6:get_mag_mgauss	16	static
../Core/Src/sensors.c:68:6:get_pres_hpa	16	static
../Core/Src/sensors.c:72:6:spi_nss	16	static
../Core/Src/sensors.c:82:9:platform_write	32	static
../Core/Src/sensors.c:93:9:platform_read	32	static
../Core/Src/sensors.c:103:6:platform_delay	16	static
../Core/Src/sensors.c:111:6:baro_int_drdy_handler	8	static
../Core/Src/sensors.c:120:6:imu_int_drdy_handler	8	static
../Core/Src/sensors.c:127:6:mag_int_drdy_handler	8	static
../Core/Src/sensors.c:135:6:baro_spi_callback	8	static
../Core/Src/sensors.c:142:6:imu_spi_callback	8	static
../Core/Src/sensors.c:164:6:mag_spi_callback	4	static
../Core/Src/sensors.c:168:6:sensors_init	8	static
../Core/Src/sensors.c:176:6:baro_init	16	static
../Core/Src/sensors.c:222:6:imu_init	24	static
../Core/Src/sensors.c:276:6:mag_init	16	static
