../Core/Src/sensors.c:52:6:get_accel_ms2	16	static
../Core/Src/sensors.c:58:6:get_omega_rads	16	static
../Core/Src/sensors.c:64:6:get_mag_mgauss	16	static
../Core/Src/sensors.c:70:6:get_pres_hpa	16	static
../Core/Src/sensors.c:87:9:platform_write_baro	32	static
../Core/Src/sensors.c:98:9:platform_write_imu	32	static
../Core/Src/sensors.c:109:9:platform_write_mag	32	static
../Core/Src/sensors.c:122:9:platform_read	32	static
../Core/Src/sensors.c:132:6:platform_delay	16	static
../Core/Src/sensors.c:140:6:baro_int_drdy_handler	8	static
../Core/Src/sensors.c:149:6:imu_int_drdy_handler	8	static
../Core/Src/sensors.c:156:6:mag_int_drdy_handler	8	static
../Core/Src/sensors.c:164:6:baro_spi_callback	8	static
../Core/Src/sensors.c:171:6:imu_spi_callback	8	static
../Core/Src/sensors.c:193:6:mag_spi_callback	4	static
../Core/Src/sensors.c:197:6:sensors_init	8	static
../Core/Src/sensors.c:205:6:baro_init	16	static
../Core/Src/sensors.c:252:6:imu_init	24	static
../Core/Src/sensors.c:308:6:mag_init	16	static
