../Core/Src/stm32h5xx_hal_msp.c:65:6:HAL_MspInit	4	static
../Core/Src/stm32h5xx_hal_msp.c:85:6:HAL_ADC_MspInit	48	static
../Core/Src/stm32h5xx_hal_msp.c:122:6:HAL_ADC_MspDeInit	16	static
../Core/Src/stm32h5xx_hal_msp.c:153:6:HAL_I2C_MspInit	48	static
../Core/Src/stm32h5xx_hal_msp.c:190:6:HAL_I2C_MspDeInit	16	static
../Core/Src/stm32h5xx_hal_msp.c:221:6:HAL_XSPI_MspInit	264	static
../Core/Src/stm32h5xx_hal_msp.c:295:6:HAL_XSPI_MspDeInit	16	static
../Core/Src/stm32h5xx_hal_msp.c:330:6:HAL_SPI_MspInit	280	static
../Core/Src/stm32h5xx_hal_msp.c:459:6:HAL_SPI_MspDeInit	16	static
../Core/Src/stm32h5xx_hal_msp.c:534:6:HAL_TIM_Base_MspInit	32	static
../Core/Src/stm32h5xx_hal_msp.c:583:6:HAL_TIM_MspPostInit	48	static
../Core/Src/stm32h5xx_hal_msp.c:660:6:HAL_TIM_Base_MspDeInit	16	static
../Core/Src/stm32h5xx_hal_msp.c:715:6:HAL_UART_MspInit	56	static
../Core/Src/stm32h5xx_hal_msp.c:775:6:HAL_UART_MspDeInit	16	static
../Core/Src/stm32h5xx_hal_msp.c:822:6:HAL_PCD_MspInit	24	static
../Core/Src/stm32h5xx_hal_msp.c:848:6:HAL_PCD_MspDeInit	16	static
